{
    "time": "2025-05-01 09:42:03",
    "error": "SQLSTATE[42000]: Syntax error or access violation: 1064 You have an error in your SQL syntax; check the manual that corresponds to your MySQL server version for the right syntax to use near 'WHERE 1 AND userid = '30'  LIMIT 512' at line 1",
    "trace": "#0 \/Users\/zarcoder\/Workspace\/php_project\/phpems10\/lib\/pepdo.cls.php(142): PDOStatement->execute(Array)\n#1 \/Users\/zarcoder\/Workspace\/php_project\/phpems10\/app\/user\/cls\/user.cls.php(131): PHPEMS\\pepdo->exec(Array)\n#2 \/Users\/zarcoder\/Workspace\/php_project\/phpems10\/app\/user\/controller\/cas.app.php(222): PHPEMS\\user_user->modifyUserInfo(30, Array)\n#3 \/Users\/zarcoder\/Workspace\/php_project\/phpems10\/app\/user\/controller\/cas.app.php(11): PHPEMS\\action->index()\n#4 \/Users\/zarcoder\/Workspace\/php_project\/phpems10\/lib\/init.cls.php(127): PHPEMS\\action->display()\n#5 \/Users\/zarcoder\/Workspace\/php_project\/phpems10\/index.php(8): PHPEMS\\ginkgo->run()\n#6 {main}"
}{
    "time": "2025-05-01 21:35:22",
    "error": "SQLSTATE[42000]: Syntax error or access violation: 1064 You have an error in your SQL syntax; check the manual that corresponds to your MySQL server version for the right syntax to use near 'WHERE 1 AND userid = '37'  LIMIT 512' at line 1",
    "trace": "#0 \/Users\/zarcoder\/Workspace\/php_project\/phpems10\/lib\/pepdo.cls.php(142): PDOStatement->execute(Array)\n#1 \/Users\/zarcoder\/Workspace\/php_project\/phpems10\/app\/user\/cls\/user.cls.php(131): PHPEMS\\pepdo->exec(Array)\n#2 \/Users\/zarcoder\/Workspace\/php_project\/phpems10\/app\/user\/controller\/cas.app.php(254): PHPEMS\\user_user->modifyUserInfo(37, Array)\n#3 \/Users\/zarcoder\/Workspace\/php_project\/phpems10\/app\/user\/controller\/cas.app.php(15): PHPEMS\\action->index()\n#4 \/Users\/zarcoder\/Workspace\/php_project\/phpems10\/lib\/init.cls.php(127): PHPEMS\\action->display()\n#5 \/Users\/zarcoder\/Workspace\/php_project\/phpems10\/index.php(8): PHPEMS\\ginkgo->run()\n#6 {main}"
}
{
    "time": "2025-05-01 21:36:28",
    "error": "SQLSTATE[42000]: Syntax error or access violation: 1064 You have an error in your SQL syntax; check the manual that corresponds to your MySQL server version for the right syntax to use near 'WHERE 1 AND userid = '37'  LIMIT 512' at line 1",
    "trace": "#0 \/Users\/zarcoder\/Workspace\/php_project\/phpems10\/lib\/pepdo.cls.php(142): PDOStatement->execute(Array)\n#1 \/Users\/zarcoder\/Workspace\/php_project\/phpems10\/app\/user\/cls\/user.cls.php(131): PHPEMS\\pepdo->exec(Array)\n#2 \/Users\/zarcoder\/Workspace\/php_project\/phpems10\/app\/user\/controller\/cas.app.php(254): PHPEMS\\user_user->modifyUserInfo(37, Array)\n#3 \/Users\/zarcoder\/Workspace\/php_project\/phpems10\/app\/user\/controller\/cas.app.php(15): PHPEMS\\action->index()\n#4 \/Users\/zarcoder\/Workspace\/php_project\/phpems10\/lib\/init.cls.php(127): PHPEMS\\action->display()\n#5 \/Users\/zarcoder\/Workspace\/php_project\/phpems10\/index.php(8): PHPEMS\\ginkgo->run()\n#6 {main}"
}
{
    "time": "2025-05-01 21:37:10",
    "error": "SQLSTATE[42000]: Syntax error or access violation: 1064 You have an error in your SQL syntax; check the manual that corresponds to your MySQL server version for the right syntax to use near 'WHERE 1 AND userid = '37'  LIMIT 512' at line 1",
    "trace": "#0 \/Users\/zarcoder\/Workspace\/php_project\/phpems10\/lib\/pepdo.cls.php(142): PDOStatement->execute(Array)\n#1 \/Users\/zarcoder\/Workspace\/php_project\/phpems10\/app\/user\/cls\/user.cls.php(131): PHPEMS\\pepdo->exec(Array)\n#2 \/Users\/zarcoder\/Workspace\/php_project\/phpems10\/app\/user\/controller\/cas.app.php(254): PHPEMS\\user_user->modifyUserInfo(37, Array)\n#3 \/Users\/zarcoder\/Workspace\/php_project\/phpems10\/app\/user\/controller\/cas.app.php(15): PHPEMS\\action->index()\n#4 \/Users\/zarcoder\/Workspace\/php_project\/phpems10\/lib\/init.cls.php(127): PHPEMS\\action->display()\n#5 \/Users\/zarcoder\/Workspace\/php_project\/phpems10\/index.php(8): PHPEMS\\ginkgo->run()\n#6 {main}"
}
{
    "time": "2025-05-01 21:37:55",
    "error": "SQLSTATE[42000]: Syntax error or access violation: 1064 You have an error in your SQL syntax; check the manual that corresponds to your MySQL server version for the right syntax to use near 'WHERE 1 AND userid = '37'  LIMIT 512' at line 1",
    "trace": "#0 \/Users\/zarcoder\/Workspace\/php_project\/phpems10\/lib\/pepdo.cls.php(142): PDOStatement->execute(Array)\n#1 \/Users\/zarcoder\/Workspace\/php_project\/phpems10\/app\/user\/cls\/user.cls.php(131): PHPEMS\\pepdo->exec(Array)\n#2 \/Users\/zarcoder\/Workspace\/php_project\/phpems10\/app\/user\/controller\/cas.app.php(254): PHPEMS\\user_user->modifyUserInfo(37, Array)\n#3 \/Users\/zarcoder\/Workspace\/php_project\/phpems10\/app\/user\/controller\/cas.app.php(15): PHPEMS\\action->index()\n#4 \/Users\/zarcoder\/Workspace\/php_project\/phpems10\/lib\/init.cls.php(127): PHPEMS\\action->display()\n#5 \/Users\/zarcoder\/Workspace\/php_project\/phpems10\/index.php(8): PHPEMS\\ginkgo->run()\n#6 {main}"
}
{
    "time": "2025-05-01 21:39:26",
    "error": "SQLSTATE[42000]: Syntax error or access violation: 1064 You have an error in your SQL syntax; check the manual that corresponds to your MySQL server version for the right syntax to use near 'WHERE 1 AND userid = '37'  LIMIT 512' at line 1",
    "trace": "#0 \/Users\/zarcoder\/Workspace\/php_project\/phpems10\/lib\/pepdo.cls.php(142): PDOStatement->execute(Array)\n#1 \/Users\/zarcoder\/Workspace\/php_project\/phpems10\/app\/user\/cls\/user.cls.php(131): PHPEMS\\pepdo->exec(Array)\n#2 \/Users\/zarcoder\/Workspace\/php_project\/phpems10\/app\/user\/controller\/cas.app.php(254): PHPEMS\\user_user->modifyUserInfo(37, Array)\n#3 \/Users\/zarcoder\/Workspace\/php_project\/phpems10\/app\/user\/controller\/cas.app.php(15): PHPEMS\\action->index()\n#4 \/Users\/zarcoder\/Workspace\/php_project\/phpems10\/lib\/init.cls.php(127): PHPEMS\\action->display()\n#5 \/Users\/zarcoder\/Workspace\/php_project\/phpems10\/index.php(8): PHPEMS\\ginkgo->run()\n#6 {main}"
}
{
    "time": "2025-05-01 21:39:44",
    "error": "SQLSTATE[42000]: Syntax error or access violation: 1064 You have an error in your SQL syntax; check the manual that corresponds to your MySQL server version for the right syntax to use near 'WHERE 1 AND userid = '37'  LIMIT 512' at line 1",
    "trace": "#0 \/Users\/zarcoder\/Workspace\/php_project\/phpems10\/lib\/pepdo.cls.php(142): PDOStatement->execute(Array)\n#1 \/Users\/zarcoder\/Workspace\/php_project\/phpems10\/app\/user\/cls\/user.cls.php(131): PHPEMS\\pepdo->exec(Array)\n#2 \/Users\/zarcoder\/Workspace\/php_project\/phpems10\/app\/user\/controller\/cas.app.php(254): PHPEMS\\user_user->modifyUserInfo(37, Array)\n#3 \/Users\/zarcoder\/Workspace\/php_project\/phpems10\/app\/user\/controller\/cas.app.php(15): PHPEMS\\action->index()\n#4 \/Users\/zarcoder\/Workspace\/php_project\/phpems10\/lib\/init.cls.php(127): PHPEMS\\action->display()\n#5 \/Users\/zarcoder\/Workspace\/php_project\/phpems10\/index.php(8): PHPEMS\\ginkgo->run()\n#6 {main}"
}
{
    "time": "2025-05-01 21:43:26",
    "error": "SQLSTATE[42000]: Syntax error or access violation: 1064 You have an error in your SQL syntax; check the manual that corresponds to your MySQL server version for the right syntax to use near 'WHERE 1 AND userid = '37'  LIMIT 512' at line 1",
    "trace": "#0 \/Users\/zarcoder\/Workspace\/php_project\/phpems10\/lib\/pepdo.cls.php(142): PDOStatement->execute(Array)\n#1 \/Users\/zarcoder\/Workspace\/php_project\/phpems10\/app\/user\/cls\/user.cls.php(131): PHPEMS\\pepdo->exec(Array)\n#2 \/Users\/zarcoder\/Workspace\/php_project\/phpems10\/app\/user\/controller\/cas.app.php(254): PHPEMS\\user_user->modifyUserInfo(37, Array)\n#3 \/Users\/zarcoder\/Workspace\/php_project\/phpems10\/app\/user\/controller\/cas.app.php(15): PHPEMS\\action->index()\n#4 \/Users\/zarcoder\/Workspace\/php_project\/phpems10\/lib\/init.cls.php(127): PHPEMS\\action->display()\n#5 \/Users\/zarcoder\/Workspace\/php_project\/phpems10\/index.php(8): PHPEMS\\ginkgo->run()\n#6 {main}"
}
