{
    "time": "2025-05-01 00:24:47",
    "action": "\u521b\u5efa\u65b0\u7528\u6237",
    "username": "00009371",
    "userid": "8",
    "password": "[\u5df2\u52a0\u5bc6]"
}
{
    "time": "2025-05-01 00:25:25",
    "action": "\u521b\u5efa\u65b0\u7528\u6237",
    "username": "00009371",
    "userid": "9",
    "password": "[\u5df2\u52a0\u5bc6]"
}
{
    "time": "2025-05-01 01:22:16",
    "action": "\u521b\u5efa\u65b0\u7528\u6237",
    "username": "00009371",
    "userid": "28",
    "password": "[\u5df2\u52a0\u5bc6]"
}
{
    "time": "2025-05-01 09:37:16",
    "action": "\u521b\u5efa\u65b0\u7528\u6237",
    "username": "00009371",
    "userid": "29",
    "password": "[\u5df2\u52a0\u5bc6]"
}
{
    "time": "2025-05-01 09:42:03",
    "action": "\u521b\u5efa\u65b0\u7528\u6237",
    "username": "00009371",
    "userid": "30",
    "password": "[\u5df2\u52a0\u5bc6]"
}
{
    "time": "2025-05-01 09:45:11",
    "action": "\u521b\u5efa\u65b0\u7528\u6237",
    "username": "00009371",
    "userid": "31",
    "password": "[\u5df2\u52a0\u5bc6]"
}
{
    "time": "2025-05-01 09:53:01",
    "action": "\u521b\u5efa\u65b0\u7528\u6237",
    "username": "00009371",
    "userid": "32",
    "password": "[\u5df2\u52a0\u5bc6]"
}
{
    "time": "2025-05-01 09:56:11",
    "action": "\u521b\u5efa\u65b0\u7528\u6237",
    "username": "00009371",
    "userid": "33",
    "password": "[\u5df2\u52a0\u5bc6]"
}
{
    "time": "2025-05-01 09:58:36",
    "action": "\u521b\u5efa\u65b0\u7528\u6237",
    "username": "00009371",
    "userid": "34",
    "password": "[\u5df2\u52a0\u5bc6]"
}
{
    "time": "2025-05-01 10:01:39",
    "action": "\u521b\u5efa\u65b0\u7528\u6237",
    "username": "00009371",
    "userid": "35",
    "password": "[\u5df2\u52a0\u5bc6]"
}
{
    "time": "2025-05-01 10:09:25",
    "action": "\u521b\u5efa\u65b0\u7528\u6237",
    "username": "00009371",
    "userid": "36",
    "password": "[\u5df2\u52a0\u5bc6]"
}
{
    "time": "2025-05-01 21:13:35",
    "action": "\u521b\u5efa\u65b0\u7528\u6237",
    "username": "00009371",
    "userid": "37",
    "password": "[\u5df2\u52a0\u5bc6]"
}
