{
    "time": "2025-05-01 10:09:22",
    "action": "\u5c1d\u8bd5CAS\u8ba4\u8bc1",
    "serviceUrl": "http:\/\/localhost:8000\/index.php?user-app-cas"
}
{
    "time": "2025-05-01 10:09:59",
    "action": "\u5c1d\u8bd5CAS\u8ba4\u8bc1",
    "serviceUrl": "http:\/\/localhost:8000\/index.php?user-app-cas"
}
{
    "time": "2025-05-01 10:11:23",
    "action": "\u5c1d\u8bd5CAS\u8ba4\u8bc1",
    "serviceUrl": "http:\/\/localhost:8000\/index.php?user-app-cas"
}
{
    "time": "2025-05-01 10:16:31",
    "action": "\u5c1d\u8bd5CAS\u8ba4\u8bc1",
    "serviceUrl": "http:\/\/localhost:8000\/index.php?user-app-cas"
}
{
    "time": "2025-05-01 21:13:32",
    "action": "\u5c1d\u8bd5CAS\u8ba4\u8bc1",
    "serviceUrl": "http:\/\/localhost:8000\/index.php?user-app-cas"
}
{
    "time": "2025-05-01 21:35:18",
    "action": "\u5c1d\u8bd5CAS\u8ba4\u8bc1",
    "serviceUrl": "http:\/\/localhost:8000\/index.php?user-app-cas"
}
{
    "time": "2025-05-01 21:36:25",
    "action": "\u5c1d\u8bd5CAS\u8ba4\u8bc1",
    "serviceUrl": "http:\/\/localhost:8000\/index.php?user-app-cas"
}
{
    "time": "2025-05-01 21:37:52",
    "action": "\u5c1d\u8bd5CAS\u8ba4\u8bc1",
    "serviceUrl": "http:\/\/localhost:8000\/index.php?user-app-cas"
}
{
    "time": "2025-05-01 21:39:23",
    "action": "\u5c1d\u8bd5CAS\u8ba4\u8bc1",
    "serviceUrl": "http:\/\/localhost:8000\/index.php?user-app-cas"
}
{
    "time": "2025-05-01 21:39:42",
    "action": "\u5c1d\u8bd5CAS\u8ba4\u8bc1",
    "serviceUrl": "http:\/\/localhost:8000\/index.php?user-app-cas"
}
{
    "time": "2025-05-01 21:43:24",
    "action": "\u5c1d\u8bd5CAS\u8ba4\u8bc1",
    "serviceUrl": "http:\/\/localhost:8000\/index.php?user-app-cas"
}
