{
    "time": "2025-04-29 23:12:10",
    "username": "00009371",
    "attributes": {
        "ID_NUMBER": "00009371",
        "USER_SEX": "1",
        "MOBILE_DEVICE_UUID": "D521A43149C16078F2D2B052AB97862A-IOS",
        "USER_NAME": "\u5218\u5c0f\u950b",
        "IS_ACTIVE": "1",
        "EMAIL": "liuxf@mail.neu.edu.cn",
        "ID_TYPE": "3",
        "APP_VERSION": "1.5.3",
        "UNIT_UID": "021900",
        "END_TIME": "2030-01-01 00:00:00.0",
        "PASSWORD": "868e56c1ecfa8b1d4041979dc56473238fe058abdac910bc2b0ed094dfe0ef88",
        "BEGIN_TIME": "2018-11-20 13:47:14.0",
        "SNO": "09371",
        "UNIT_NAME": "\u8ba1\u7b97\u673a\u79d1\u5b66\u4e0e\u5de5\u7a0b\u5b66\u9662",
        "USERNAME": "00009371",
        "PERSON_UUID": "823746E2E498B90BA749D6B1962FCC5C",
        "MOBILE": "13709812813",
        "checkAliveTicket": "TGT-00009371-2427909-TedlkMYirytBCfyIXX0AxdSyT9Ldf7dYrWhczKs0bDpo7jmYhZ-tpass",
        "serviceId": "275402211315714"
    }
}
{
    "time": "2025-04-29 23:13:12",
    "username": "00009371",
    "attributes": {
        "ID_NUMBER": "00009371",
        "USER_SEX": "1",
        "MOBILE_DEVICE_UUID": "D521A43149C16078F2D2B052AB97862A-IOS",
        "USER_NAME": "\u5218\u5c0f\u950b",
        "IS_ACTIVE": "1",
        "EMAIL": "liuxf@mail.neu.edu.cn",
        "ID_TYPE": "3",
        "APP_VERSION": "1.5.3",
        "UNIT_UID": "021900",
        "END_TIME": "2030-01-01 00:00:00.0",
        "PASSWORD": "868e56c1ecfa8b1d4041979dc56473238fe058abdac910bc2b0ed094dfe0ef88",
        "BEGIN_TIME": "2018-11-20 13:47:14.0",
        "SNO": "09371",
        "UNIT_NAME": "\u8ba1\u7b97\u673a\u79d1\u5b66\u4e0e\u5de5\u7a0b\u5b66\u9662",
        "USERNAME": "00009371",
        "PERSON_UUID": "823746E2E498B90BA749D6B1962FCC5C",
        "MOBILE": "13709812813",
        "checkAliveTicket": "TGT-00009371-2427909-TedlkMYirytBCfyIXX0AxdSyT9Ldf7dYrWhczKs0bDpo7jmYhZ-tpass",
        "serviceId": "275402211315714"
    }
}
{
    "time": "2025-04-29 23:14:23",
    "username": "00009371",
    "attributes": {
        "ID_NUMBER": "00009371",
        "USER_SEX": "1",
        "MOBILE_DEVICE_UUID": "D521A43149C16078F2D2B052AB97862A-IOS",
        "USER_NAME": "\u5218\u5c0f\u950b",
        "IS_ACTIVE": "1",
        "EMAIL": "liuxf@mail.neu.edu.cn",
        "ID_TYPE": "3",
        "APP_VERSION": "1.5.3",
        "UNIT_UID": "021900",
        "END_TIME": "2030-01-01 00:00:00.0",
        "PASSWORD": "868e56c1ecfa8b1d4041979dc56473238fe058abdac910bc2b0ed094dfe0ef88",
        "BEGIN_TIME": "2018-11-20 13:47:14.0",
        "SNO": "09371",
        "UNIT_NAME": "\u8ba1\u7b97\u673a\u79d1\u5b66\u4e0e\u5de5\u7a0b\u5b66\u9662",
        "USERNAME": "00009371",
        "PERSON_UUID": "823746E2E498B90BA749D6B1962FCC5C",
        "MOBILE": "13709812813",
        "checkAliveTicket": "TGT-00009371-2427909-TedlkMYirytBCfyIXX0AxdSyT9Ldf7dYrWhczKs0bDpo7jmYhZ-tpass",
        "serviceId": "275402211315714"
    }
}
{
    "time": "2025-04-29 23:14:25",
    "username": "00009371",
    "attributes": {
        "ID_NUMBER": "00009371",
        "USER_SEX": "1",
        "MOBILE_DEVICE_UUID": "D521A43149C16078F2D2B052AB97862A-IOS",
        "USER_NAME": "\u5218\u5c0f\u950b",
        "IS_ACTIVE": "1",
        "EMAIL": "liuxf@mail.neu.edu.cn",
        "ID_TYPE": "3",
        "APP_VERSION": "1.5.3",
        "UNIT_UID": "021900",
        "END_TIME": "2030-01-01 00:00:00.0",
        "PASSWORD": "868e56c1ecfa8b1d4041979dc56473238fe058abdac910bc2b0ed094dfe0ef88",
        "BEGIN_TIME": "2018-11-20 13:47:14.0",
        "SNO": "09371",
        "UNIT_NAME": "\u8ba1\u7b97\u673a\u79d1\u5b66\u4e0e\u5de5\u7a0b\u5b66\u9662",
        "USERNAME": "00009371",
        "PERSON_UUID": "823746E2E498B90BA749D6B1962FCC5C",
        "MOBILE": "13709812813",
        "checkAliveTicket": "TGT-00009371-2427909-TedlkMYirytBCfyIXX0AxdSyT9Ldf7dYrWhczKs0bDpo7jmYhZ-tpass",
        "serviceId": "275402211315714"
    }
}
{
    "time": "2025-04-29 23:16:16",
    "username": "00009371",
    "attributes": {
        "ID_NUMBER": "00009371",
        "USER_SEX": "1",
        "MOBILE_DEVICE_UUID": "D521A43149C16078F2D2B052AB97862A-IOS",
        "USER_NAME": "\u5218\u5c0f\u950b",
        "IS_ACTIVE": "1",
        "EMAIL": "liuxf@mail.neu.edu.cn",
        "ID_TYPE": "3",
        "APP_VERSION": "1.5.3",
        "UNIT_UID": "021900",
        "END_TIME": "2030-01-01 00:00:00.0",
        "PASSWORD": "868e56c1ecfa8b1d4041979dc56473238fe058abdac910bc2b0ed094dfe0ef88",
        "BEGIN_TIME": "2018-11-20 13:47:14.0",
        "SNO": "09371",
        "UNIT_NAME": "\u8ba1\u7b97\u673a\u79d1\u5b66\u4e0e\u5de5\u7a0b\u5b66\u9662",
        "USERNAME": "00009371",
        "PERSON_UUID": "823746E2E498B90BA749D6B1962FCC5C",
        "MOBILE": "13709812813",
        "checkAliveTicket": "TGT-00009371-2433317-w1mBuTPMI4zjts32QoxwAKMI1ReeGNlLY6dBequFcGgw0MxswA-tpass",
        "serviceId": "275402211315714"
    }
}
{
    "time": "2025-04-30 07:02:41",
    "username": "00009371",
    "attributes": {
        "ID_NUMBER": "00009371",
        "USER_SEX": "1",
        "MOBILE_DEVICE_UUID": "D521A43149C16078F2D2B052AB97862A-IOS",
        "USER_NAME": "\u5218\u5c0f\u950b",
        "IS_ACTIVE": "1",
        "EMAIL": "liuxf@mail.neu.edu.cn",
        "ID_TYPE": "3",
        "APP_VERSION": "1.5.3",
        "UNIT_UID": "021900",
        "END_TIME": "2030-01-01 00:00:00.0",
        "PASSWORD": "868e56c1ecfa8b1d4041979dc56473238fe058abdac910bc2b0ed094dfe0ef88",
        "BEGIN_TIME": "2018-11-20 13:47:14.0",
        "SNO": "09371",
        "UNIT_NAME": "\u8ba1\u7b97\u673a\u79d1\u5b66\u4e0e\u5de5\u7a0b\u5b66\u9662",
        "USERNAME": "00009371",
        "PERSON_UUID": "823746E2E498B90BA749D6B1962FCC5C",
        "MOBILE": "13709812813",
        "checkAliveTicket": "TGT-00009371-2436547-nLWPfVk0d6PyPcdhRKKqqpGrW1nBspQ7HKYrYEEsaK12BZseeI-tpass",
        "serviceId": "275402211315714"
    }
}
{
    "time": "2025-04-30 10:01:07",
    "username": "00009371",
    "attributes": {
        "ID_NUMBER": "00009371",
        "USER_SEX": "1",
        "MOBILE_DEVICE_UUID": "D521A43149C16078F2D2B052AB97862A-IOS",
        "USER_NAME": "\u5218\u5c0f\u950b",
        "IS_ACTIVE": "1",
        "EMAIL": "liuxf@mail.neu.edu.cn",
        "ID_TYPE": "3",
        "APP_VERSION": "1.5.3",
        "UNIT_UID": "021900",
        "END_TIME": "2030-01-01 00:00:00.0",
        "PASSWORD": "868e56c1ecfa8b1d4041979dc56473238fe058abdac910bc2b0ed094dfe0ef88",
        "BEGIN_TIME": "2018-11-20 13:47:14.0",
        "SNO": "09371",
        "UNIT_NAME": "\u8ba1\u7b97\u673a\u79d1\u5b66\u4e0e\u5de5\u7a0b\u5b66\u9662",
        "USERNAME": "00009371",
        "PERSON_UUID": "823746E2E498B90BA749D6B1962FCC5C",
        "MOBILE": "13709812813",
        "checkAliveTicket": "TGT-00009371-1076119-IuYe1uXUydttJ1MgBQEquFeXgz6fGV2f4HBRrhHBAmtbY7QTdH-tpass",
        "serviceId": "275402211315714"
    }
}
{
    "time": "2025-05-01 00:17:31",
    "username": "00009371",
    "attributes": {
        "ID_NUMBER": "00009371",
        "USER_SEX": "1",
        "MOBILE_DEVICE_UUID": "D521A43149C16078F2D2B052AB97862A-IOS",
        "USER_NAME": "\u5218\u5c0f\u950b",
        "IS_ACTIVE": "1",
        "EMAIL": "liuxf@mail.neu.edu.cn",
        "ID_TYPE": "3",
        "APP_VERSION": "1.5.3",
        "UNIT_UID": "021900",
        "END_TIME": "2030-01-01 00:00:00.0",
        "PASSWORD": "868e56c1ecfa8b1d4041979dc56473238fe058abdac910bc2b0ed094dfe0ef88",
        "BEGIN_TIME": "2018-11-20 13:47:14.0",
        "SNO": "09371",
        "UNIT_NAME": "\u8ba1\u7b97\u673a\u79d1\u5b66\u4e0e\u5de5\u7a0b\u5b66\u9662",
        "USERNAME": "00009371",
        "PERSON_UUID": "823746E2E498B90BA749D6B1962FCC5C",
        "MOBILE": "13709812813",
        "checkAliveTicket": "TGT-00009371-2500099-0AK76grNWbj9meKFtZer4gThLeCIw69nUUpymaVITJqVcGb9xe-tpass",
        "serviceId": "275402211315714"
    }
}
{
    "time": "2025-05-01 00:18:31",
    "username": "00009371",
    "attributes": {
        "ID_NUMBER": "00009371",
        "USER_SEX": "1",
        "MOBILE_DEVICE_UUID": "D521A43149C16078F2D2B052AB97862A-IOS",
        "USER_NAME": "\u5218\u5c0f\u950b",
        "IS_ACTIVE": "1",
        "EMAIL": "liuxf@mail.neu.edu.cn",
        "ID_TYPE": "3",
        "APP_VERSION": "1.5.3",
        "UNIT_UID": "021900",
        "END_TIME": "2030-01-01 00:00:00.0",
        "PASSWORD": "868e56c1ecfa8b1d4041979dc56473238fe058abdac910bc2b0ed094dfe0ef88",
        "BEGIN_TIME": "2018-11-20 13:47:14.0",
        "SNO": "09371",
        "UNIT_NAME": "\u8ba1\u7b97\u673a\u79d1\u5b66\u4e0e\u5de5\u7a0b\u5b66\u9662",
        "USERNAME": "00009371",
        "PERSON_UUID": "823746E2E498B90BA749D6B1962FCC5C",
        "MOBILE": "13709812813",
        "checkAliveTicket": "TGT-00009371-2500121-noN0cO4T9SsgULg9g5cbfzVbOwCYFyb2dmMD5p2s65bQegTKZq-tpass",
        "serviceId": "275402211315714"
    }
}
{
    "time": "2025-05-01 00:18:36",
    "username": "00009371",
    "attributes": {
        "ID_NUMBER": "00009371",
        "USER_SEX": "1",
        "MOBILE_DEVICE_UUID": "D521A43149C16078F2D2B052AB97862A-IOS",
        "USER_NAME": "\u5218\u5c0f\u950b",
        "IS_ACTIVE": "1",
        "EMAIL": "liuxf@mail.neu.edu.cn",
        "ID_TYPE": "3",
        "APP_VERSION": "1.5.3",
        "UNIT_UID": "021900",
        "END_TIME": "2030-01-01 00:00:00.0",
        "PASSWORD": "868e56c1ecfa8b1d4041979dc56473238fe058abdac910bc2b0ed094dfe0ef88",
        "BEGIN_TIME": "2018-11-20 13:47:14.0",
        "SNO": "09371",
        "UNIT_NAME": "\u8ba1\u7b97\u673a\u79d1\u5b66\u4e0e\u5de5\u7a0b\u5b66\u9662",
        "USERNAME": "00009371",
        "PERSON_UUID": "823746E2E498B90BA749D6B1962FCC5C",
        "MOBILE": "13709812813",
        "checkAliveTicket": "TGT-00009371-2500121-noN0cO4T9SsgULg9g5cbfzVbOwCYFyb2dmMD5p2s65bQegTKZq-tpass",
        "serviceId": "275402211315714"
    }
}
{
    "time": "2025-05-01 00:19:36",
    "username": "00009371",
    "attributes": {
        "ID_NUMBER": "00009371",
        "USER_SEX": "1",
        "MOBILE_DEVICE_UUID": "D521A43149C16078F2D2B052AB97862A-IOS",
        "USER_NAME": "\u5218\u5c0f\u950b",
        "IS_ACTIVE": "1",
        "EMAIL": "liuxf@mail.neu.edu.cn",
        "ID_TYPE": "3",
        "APP_VERSION": "1.5.3",
        "UNIT_UID": "021900",
        "END_TIME": "2030-01-01 00:00:00.0",
        "PASSWORD": "868e56c1ecfa8b1d4041979dc56473238fe058abdac910bc2b0ed094dfe0ef88",
        "BEGIN_TIME": "2018-11-20 13:47:14.0",
        "SNO": "09371",
        "UNIT_NAME": "\u8ba1\u7b97\u673a\u79d1\u5b66\u4e0e\u5de5\u7a0b\u5b66\u9662",
        "USERNAME": "00009371",
        "PERSON_UUID": "823746E2E498B90BA749D6B1962FCC5C",
        "MOBILE": "13709812813",
        "checkAliveTicket": "TGT-00009371-2500148-v7IsU41pndOUdaLxcOsc7OswxBxlB2qnbN45apKNDzzV0s0Vew-tpass",
        "serviceId": "275402211315714"
    }
}
{
    "time": "2025-05-01 00:20:17",
    "username": "00009371",
    "attributes": {
        "ID_NUMBER": "00009371",
        "USER_SEX": "1",
        "MOBILE_DEVICE_UUID": "D521A43149C16078F2D2B052AB97862A-IOS",
        "USER_NAME": "\u5218\u5c0f\u950b",
        "IS_ACTIVE": "1",
        "EMAIL": "liuxf@mail.neu.edu.cn",
        "ID_TYPE": "3",
        "APP_VERSION": "1.5.3",
        "UNIT_UID": "021900",
        "END_TIME": "2030-01-01 00:00:00.0",
        "PASSWORD": "868e56c1ecfa8b1d4041979dc56473238fe058abdac910bc2b0ed094dfe0ef88",
        "BEGIN_TIME": "2018-11-20 13:47:14.0",
        "SNO": "09371",
        "UNIT_NAME": "\u8ba1\u7b97\u673a\u79d1\u5b66\u4e0e\u5de5\u7a0b\u5b66\u9662",
        "USERNAME": "00009371",
        "PERSON_UUID": "823746E2E498B90BA749D6B1962FCC5C",
        "MOBILE": "13709812813",
        "checkAliveTicket": "TGT-00009371-2500163-9FCiyxA40GlSXRj2GRdYLuXhAKiQmjGN1VyFFnbpAggbtbRhwB-tpass",
        "serviceId": "275402211315714"
    }
}
{
    "time": "2025-05-01 00:24:47",
    "username": "00009371",
    "attributes": {
        "ID_NUMBER": "00009371",
        "USER_SEX": "1",
        "MOBILE_DEVICE_UUID": "D521A43149C16078F2D2B052AB97862A-IOS",
        "USER_NAME": "\u5218\u5c0f\u950b",
        "IS_ACTIVE": "1",
        "EMAIL": "liuxf@mail.neu.edu.cn",
        "ID_TYPE": "3",
        "APP_VERSION": "1.5.3",
        "UNIT_UID": "021900",
        "END_TIME": "2030-01-01 00:00:00.0",
        "PASSWORD": "868e56c1ecfa8b1d4041979dc56473238fe058abdac910bc2b0ed094dfe0ef88",
        "BEGIN_TIME": "2018-11-20 13:47:14.0",
        "SNO": "09371",
        "UNIT_NAME": "\u8ba1\u7b97\u673a\u79d1\u5b66\u4e0e\u5de5\u7a0b\u5b66\u9662",
        "USERNAME": "00009371",
        "PERSON_UUID": "823746E2E498B90BA749D6B1962FCC5C",
        "MOBILE": "13709812813",
        "checkAliveTicket": "TGT-00009371-2500163-9FCiyxA40GlSXRj2GRdYLuXhAKiQmjGN1VyFFnbpAggbtbRhwB-tpass",
        "serviceId": "275402211315714"
    }
}
{
    "time": "2025-05-01 00:25:02",
    "username": "00009371",
    "attributes": {
        "ID_NUMBER": "00009371",
        "USER_SEX": "1",
        "MOBILE_DEVICE_UUID": "D521A43149C16078F2D2B052AB97862A-IOS",
        "USER_NAME": "\u5218\u5c0f\u950b",
        "IS_ACTIVE": "1",
        "EMAIL": "liuxf@mail.neu.edu.cn",
        "ID_TYPE": "3",
        "APP_VERSION": "1.5.3",
        "UNIT_UID": "021900",
        "END_TIME": "2030-01-01 00:00:00.0",
        "PASSWORD": "868e56c1ecfa8b1d4041979dc56473238fe058abdac910bc2b0ed094dfe0ef88",
        "BEGIN_TIME": "2018-11-20 13:47:14.0",
        "SNO": "09371",
        "UNIT_NAME": "\u8ba1\u7b97\u673a\u79d1\u5b66\u4e0e\u5de5\u7a0b\u5b66\u9662",
        "USERNAME": "00009371",
        "PERSON_UUID": "823746E2E498B90BA749D6B1962FCC5C",
        "MOBILE": "13709812813",
        "checkAliveTicket": "TGT-00009371-2500163-9FCiyxA40GlSXRj2GRdYLuXhAKiQmjGN1VyFFnbpAggbtbRhwB-tpass",
        "serviceId": "275402211315714"
    }
}
{
    "time": "2025-05-01 00:25:25",
    "username": "00009371",
    "attributes": {
        "ID_NUMBER": "00009371",
        "USER_SEX": "1",
        "MOBILE_DEVICE_UUID": "D521A43149C16078F2D2B052AB97862A-IOS",
        "USER_NAME": "\u5218\u5c0f\u950b",
        "IS_ACTIVE": "1",
        "EMAIL": "liuxf@mail.neu.edu.cn",
        "ID_TYPE": "3",
        "APP_VERSION": "1.5.3",
        "UNIT_UID": "021900",
        "END_TIME": "2030-01-01 00:00:00.0",
        "PASSWORD": "868e56c1ecfa8b1d4041979dc56473238fe058abdac910bc2b0ed094dfe0ef88",
        "BEGIN_TIME": "2018-11-20 13:47:14.0",
        "SNO": "09371",
        "UNIT_NAME": "\u8ba1\u7b97\u673a\u79d1\u5b66\u4e0e\u5de5\u7a0b\u5b66\u9662",
        "USERNAME": "00009371",
        "PERSON_UUID": "823746E2E498B90BA749D6B1962FCC5C",
        "MOBILE": "13709812813",
        "checkAliveTicket": "TGT-00009371-2500229-cnyKpdQbmKXOzdZagufoBRn3o7UTAqWdbdkXOpmamtB1lRiYHq-tpass",
        "serviceId": "275402211315714"
    }
}
