{
    "time": "2025-05-01 21:35:18",
    "baseUrl": "http:\/\/localhost:8000",
    "serviceUrl": "http:\/\/localhost:8000\/index.php?user-app-cas"
}
{
    "time": "2025-05-01 21:35:21",
    "baseUrl": "http:\/\/localhost:8000",
    "serviceUrl": "http:\/\/localhost:8000\/index.php?user-app-cas"
}
{
    "time": "2025-05-01 21:35:22",
    "baseUrl": "http:\/\/localhost:8000",
    "serviceUrl": "http:\/\/localhost:8000\/index.php?user-app-cas"
}
{
    "time": "2025-05-01 21:36:25",
    "baseUrl": "http:\/\/localhost:8000",
    "serviceUrl": "http:\/\/localhost:8000\/index.php?user-app-cas"
}
{
    "time": "2025-05-01 21:36:28",
    "baseUrl": "http:\/\/localhost:8000",
    "serviceUrl": "http:\/\/localhost:8000\/index.php?user-app-cas"
}
{
    "time": "2025-05-01 21:36:28",
    "baseUrl": "http:\/\/localhost:8000",
    "serviceUrl": "http:\/\/localhost:8000\/index.php?user-app-cas"
}
{
    "time": "2025-05-01 21:37:10",
    "baseUrl": "http:\/\/localhost:8000",
    "serviceUrl": "http:\/\/localhost:8000\/index.php?user-app-cas"
}
{
    "time": "2025-05-01 21:37:10",
    "baseUrl": "http:\/\/localhost:8000",
    "serviceUrl": "http:\/\/localhost:8000\/index.php?user-app-cas"
}
{
    "time": "2025-05-01 21:37:52",
    "baseUrl": "http:\/\/localhost:8000",
    "serviceUrl": "http:\/\/localhost:8000\/index.php?user-app-cas"
}
{
    "time": "2025-05-01 21:37:54",
    "baseUrl": "http:\/\/localhost:8000",
    "serviceUrl": "http:\/\/localhost:8000\/index.php?user-app-cas"
}
{
    "time": "2025-05-01 21:37:55",
    "baseUrl": "http:\/\/localhost:8000",
    "serviceUrl": "http:\/\/localhost:8000\/index.php?user-app-cas"
}
{
    "time": "2025-05-01 21:39:23",
    "baseUrl": "http:\/\/localhost:8000",
    "serviceUrl": "http:\/\/localhost:8000\/index.php?user-app-cas"
}
{
    "time": "2025-05-01 21:39:26",
    "baseUrl": "http:\/\/localhost:8000",
    "serviceUrl": "http:\/\/localhost:8000\/index.php?user-app-cas"
}
{
    "time": "2025-05-01 21:39:26",
    "baseUrl": "http:\/\/localhost:8000",
    "serviceUrl": "http:\/\/localhost:8000\/index.php?user-app-cas"
}
{
    "time": "2025-05-01 21:39:42",
    "baseUrl": "http:\/\/localhost:8000",
    "serviceUrl": "http:\/\/localhost:8000\/index.php?user-app-cas"
}
{
    "time": "2025-05-01 21:39:44",
    "baseUrl": "http:\/\/localhost:8000",
    "serviceUrl": "http:\/\/localhost:8000\/index.php?user-app-cas"
}
{
    "time": "2025-05-01 21:39:44",
    "baseUrl": "http:\/\/localhost:8000",
    "serviceUrl": "http:\/\/localhost:8000\/index.php?user-app-cas"
}
{
    "time": "2025-05-01 21:43:24",
    "baseUrl": "http:\/\/localhost:8000",
    "serviceUrl": "http:\/\/localhost:8000\/index.php?user-app-cas"
}
{
    "time": "2025-05-01 21:43:26",
    "baseUrl": "http:\/\/localhost:8000",
    "serviceUrl": "http:\/\/localhost:8000\/index.php?user-app-cas"
}
{
    "time": "2025-05-01 21:43:26",
    "baseUrl": "http:\/\/localhost:8000",
    "serviceUrl": "http:\/\/localhost:8000\/index.php?user-app-cas"
}
