{
    "time": "2025-05-01 21:35:22",
    "action": "\u8bbe\u7f6e\u4f1a\u8bdd",
    "username": "00009371",
    "userid": 37
}
{
    "time": "2025-05-01 21:36:28",
    "action": "\u8bbe\u7f6e\u4f1a\u8bdd",
    "username": "00009371",
    "userid": 37
}
{
    "time": "2025-05-01 21:37:10",
    "action": "\u8bbe\u7f6e\u4f1a\u8bdd",
    "username": "00009371",
    "userid": 37
}
{
    "time": "2025-05-01 21:37:55",
    "action": "\u8bbe\u7f6e\u4f1a\u8bdd",
    "username": "00009371",
    "userid": 37
}
{
    "time": "2025-05-01 21:39:26",
    "action": "\u8bbe\u7f6e\u4f1a\u8bdd",
    "username": "00009371",
    "userid": 37
}
{
    "time": "2025-05-01 21:39:44",
    "action": "\u8bbe\u7f6e\u4f1a\u8bdd",
    "username": "00009371",
    "userid": 37
}
{
    "time": "2025-05-01 21:43:26",
    "action": "\u8bbe\u7f6e\u4f1a\u8bdd",
    "username": "00009371",
    "userid": 37
}
